// Jest Snapshot v1, https://goo.gl/fbAQLP

exports[`matches snapshot: user logged in 1`] = `
<DocumentFragment>
  <div
    class="MuiGrid-root MuiGrid-container MuiGrid-spacing-xs-1 css-td5piu-MuiGrid-root"
  >
    <div
      class="MuiGrid-root MuiGrid-item MuiGrid-grid-xs-12 MuiGrid-grid-md-11 MuiGrid-grid-lg-10 css-x02yn7-MuiGrid-root"
    >
      <div
        class="MuiGrid-root MuiGrid-container MuiGrid-spacing-xs-1 css-exfl4s-MuiGrid-root"
      >
        <div
          class="MuiGrid-root MuiGrid-item MuiGrid-grid-xs-5 MuiGrid-grid-md-3 MuiGrid-grid-lg-2 css-1o44jp4-MuiGrid-root"
        >
          <div
            class="MuiPaper-root MuiPaper-elevation MuiPaper-rounded MuiPaper-elevation1 MuiCard-root css-1i59dwk-MuiPaper-root-MuiCard-root"
          >
            <a
              href="/podcast/1"
            >
              <img
                alt="podcast artwork"
                class="MuiCardMedia-root MuiCardMedia-media MuiCardMedia-img css-o69gx8-MuiCardMedia-root"
                height="auto"
                src="test-artwork"
                width="100%"
              />
              <div
                class="MuiCardContent-root css-46bh2p-MuiCardContent-root"
              >
                <p
                  class="MuiTypography-root MuiTypography-body1 css-1vweose-MuiTypography-root"
                >
                  test-title
                </p>
                <p
                  class="MuiTypography-root MuiTypography-body2 css-cq90jg-MuiTypography-root"
                >
                  test-author
                </p>
              </div>
            </a>
          </div>
        </div>
      </div>
    </div>
  </div>
</DocumentFragment>
`;
