// Jest Snapshot v1, https://goo.gl/fbAQLP

exports[`matches snapshot 1`] = `
<DocumentFragment>
  <button
    class="MuiButtonBase-root MuiButton-root MuiButton-text MuiButton-textPrimary MuiButton-sizeMedium MuiButton-textSizeMedium MuiButton-root MuiButton-text MuiButton-textPrimary MuiButton-sizeMedium MuiButton-textSizeMedium css-1388jyf-MuiButtonBase-root-MuiButton-root"
    tabindex="0"
    type="button"
  >
    <a
      href="/search/test category"
    >
      <p
        class="MuiTypography-root MuiTypography-body2 css-1cwrich-MuiTypography-root"
      >
        test category
      </p>
    </a>
    <span
      class="MuiTouchRipple-root css-8je8zh-MuiTouchRipple-root"
    />
  </button>
</DocumentFragment>
`;
