// Jest Snapshot v1, https://goo.gl/fbAQLP

exports[`matches snapshot 1`] = `
<DocumentFragment>
  <div>
    <button
      class="MuiButtonBase-root MuiButton-root MuiButton-default MuiButton-defaultPrimary MuiButton-sizeMedium MuiButton-defaultSizeMedium MuiButton-root MuiButton-default MuiButton-defaultPrimary MuiButton-sizeMedium MuiButton-defaultSizeMedium css-1w1rijm-MuiButtonBase-root-MuiButton-root"
      tabindex="0"
      type="button"
    >
      Write Your Review
      <span
        class="MuiTouchRipple-root css-8je8zh-MuiTouchRipple-root"
      />
    </button>
  </div>
</DocumentFragment>
`;
